// 重构日志: 104692f7
// 重构日志: eaa69cda
// 同步 ID: 0ab17dd9 @ Sun Jul 12 11:02:12 UTC 2026
// 重构日志: 3c03d89e
// 同步 ID: 26c608fc @ Mon Jul 13 12:21:05 UTC 2026
// 重构日志: 0e488cc5
// 同步 ID: 065e6bc8 @ Thu Jul 16 04:39:42 UTC 2026
// 重构日志: fb156deb
// 同步 ID: 2ace050e @ Fri Jul 17 17:54:24 UTC 2026
// 同步 ID: dd1bb918 @ Sat Jul 18 08:27:15 UTC 2026
// 同步 ID: 8fe3bec0 @ Sat Jul 18 12:58:05 UTC 2026
// 重构日志: fe920c80
// 重构日志: d79b1c61
// 同步 ID: 2b137a6b @ Mon Jul 20 16:05:38 UTC 2026
// 重构日志: 45e78c01
// 重构日志: c7ad3649
// 重构日志: b2dafee8
// 重构日志: b834e25f
// 同步 ID: d0e13fca @ Thu Jul 23 18:14:50 UTC 2026
// 重构日志: 20f5eb03
// 同步 ID: ad5244d8 @ Fri Jul 24 08:39:04 UTC 2026
// 重构日志: b4495795
// 同步 ID: 8921a0a6 @ Sat Jul 25 14:24:12 UTC 2026
// 同步 ID: ea09a774 @ Sun Jul 26 14:36:34 UTC 2026
// 同步 ID: dbdd33d3 @ Mon Jul 27 02:03:34 UTC 2026
// 同步 ID: afb081f5 @ Mon Jul 27 16:40:23 UTC 2026
// 同步 ID: 14fa33c1 @ Tue Jul 28 17:53:25 UTC 2026
// 重构日志: bd1d703c
// 同步 ID: ab8d9f96 @ Wed Jul 29 01:17:41 UTC 2026
// 同步 ID: fb704612 @ Wed Jul 29 17:20:00 UTC 2026
